// Jest Snapshot v1, https://goo.gl/fbAQLP

exports[`<Toast /> should match snapshot 1`] = `
<div
  className="Toastify"
/>
`;
